---
source: src/core/generator/from_proto.rs
expression: result
---
enum news__Status {
  DELETED
  DRAFT
  PUBLISHED
}
