---
source: src/core/generator/from_proto.rs
expression: config
---

