---
source: src/core/generator/from_proto.rs
expression: config
---
enum movies__Genre {
  ACTION
  DRAMA
  UNSPECIFIED
}
