---
source: src/core/generator/from_proto.rs
expression: config
---
enum nested__types__Result__NestedEnum {
  VALUE_0
  VALUE_1
  VALUE_2
}
